error: could not find 'Manifest.toml' in '/home/francesco/Develop/Javanile/mush/tests/ui/error/manifest-not-found/package' or any parent directory