error[0m: could not find 'Manifest.toml' in '/home/francesco/Develop/Javanile/mush/tests/ui/errors/E0463/package' or any parent directory
